// Jest Snapshot v1, https://goo.gl/fbAQLP

exports[`VoteDetail matches snapshot 1`] = `
<ContextProvider
  value={
    Object {
      "store": Object {
        "@@observable": [Function],
        "dispatch": [Function],
        "getState": [Function],
        "replaceReducer": [Function],
        "subscribe": [Function],
      },
      "subscription": Subscription {
        "handleChangeWrapper": [Function],
        "listeners": Object {
          "notify": [Function],
        },
        "onStateChange": [Function],
        "parentSub": undefined,
        "store": Object {
          "@@observable": [Function],
          "dispatch": [Function],
          "getState": [Function],
          "replaceReducer": [Function],
          "subscribe": [Function],
        },
        "unsubscribe": null,
      },
    }
  }
>
  <VoteDetail
    data={
      Object {
        "author": Object {
          "id": "jinny",
          "nickName": "jinny",
          "profileUrl": "jinny_profile.png",
        },
        "closeDate": "2021년 6월 19일",
        "isClose": false,
        "isEdit": true,
        "isOpen": false,
        "isResultId": "",
        "isSelectId": "",
        "openDate": "2021년 6월 18일",
        "voteId": "b830191fdi",
        "voteName": "테스트 투표",
        "voteOptions": Array [
          Object {
            "count": 0,
            "optionId": "b830191fdi-item1",
            "optionValue": "투표 항목",
            "selectedIds": Array [],
          },
        ],
      }
    }
  />
</ContextProvider>
`;
